// 重构日志: e6d9fff5
// 重构日志: 3377e797
// 同步 ID: d1591a9e @ Thu Jul 23 01:00:46 UTC 2026
// 重构日志: 2e13267c
// 重构日志: c1f7828c
// 重构日志: 634b4866
// 重构日志: 6c1212fd
// 重构日志: 93898aee
// 同步 ID: 5af5e071 @ Fri Jul 24 21:29:15 UTC 2026
// 重构日志: bc102987
// 重构日志: ca262734
// 重构日志: c6112a2e
// 重构日志: c47a5c57
// 同步 ID: 8039772e @ Mon Jul 27 15:33:01 UTC 2026
// 同步 ID: 18ecb1b5 @ Wed Jul 29 00:30:03 UTC 2026
// 重构日志: b3e452fd
// 同步 ID: 7bb12852 @ Wed Jul 29 17:57:13 UTC 2026
// 重构日志: 1ffbcd92
// 重构日志: 785070d4
// 重构日志: e01c92f1
// 重构日志: f7993b85
// 重构日志: 043673fc
// 重构日志: 659c933a
// 重构日志: 6327257e
// 重构日志: 598a0fa9
// 同步 ID: 1595e19d @ Mon Aug  3 00:15:18 UTC 2026
// 同步 ID: c4fc5dfe @ Mon Aug  3 04:24:23 UTC 2026
// 重构日志: f4e3d6b9
// 重构日志: 90e5567d
// 同步 ID: c6c2f8f2 @ Tue Aug  4 10:03:42 UTC 2026
// 重构日志: 8dc82bde
